#
# A fatal error has been detected by the Java Runtime Environment:
#
#  EXCEPTION_ACCESS_VIOLATION (0xc0000005) at pc=0x0000000000000000, pid=22008, tid=39812
#
# JRE version: Java(TM) SE Runtime Environment (23.0.1+11) (build 23.0.1+11-39)
# Java VM: Java HotSpot(TM) 64-Bit Server VM (23.0.1+11-39, mixed mode, sharing, tiered, compressed oops, compressed class ptrs, g1 gc, windows-amd64)
# Problematic frame:
# C  [jdwp.dll+0x161f3]
#
# No core dump will be written. Minidumps are not enabled by default on client versions of Windows
#
# If you would like to submit a bug report, please visit:
#   https://bugreport.java.com/bugreport/crash.jsp
# The crash happened outside the Java Virtual Machine in native code.
# See problematic frame for where to report the bug.
#

---------------  S U M M A R Y ------------

Command Line: -agentlib:jdwp=transport=dt_socket,server=n,suspend=y,address=localhost:11819 -XX:+ShowCodeDetailsInExceptionMessages com.csproject.jMEMain

Host: Intel(R) Core(TM) i7-14700K, 28 cores, 63G,  Windows 11 , 64 bit Build 22621 (10.0.22621.4391)
Time: Sun Dec 15 02:02:58 2024  Windows 11 , 64 bit Build 22621 (10.0.22621.4391) elapsed time: 3.338611 seconds (0d 0h 0m 3s)

---------------  T H R E A D  ---------------

Current thread (0x00000165974ef630):  JavaThread "Thread-0"         [_thread_in_native, id=39812, stack(0x0000000336000000,0x0000000336100000) (1024K)]

Stack: [0x0000000336000000,0x0000000336100000],  sp=0x00000003360ff620,  free space=1021k
Native frames: (J=compiled Java code, j=interpreted, Vv=VM code, C=native code)


siginfo: EXCEPTION_ACCESS_VIOLATION (0xc0000005), data execution prevention violation at address 0x0000000000000000


Registers:
RAX=0x00000165e4d70000, RBX=0x00000165dd037670, RCX=0x00000165974ef9f0, RDX=0x00000165dd037670
RSP=0x00000003360ff618, RBP=0x00007fff1e940428, RSI=0x00000003360ff6c0, RDI=0x00000165974ef9f0
R8 =0x0000000000010002, R9 =0x0000000000000000, R10=0x00007ffeda730000, R11=0x00000003360ff5e8
R12=0x0000000000000006, R13=0x00000165e74e7860, R14=0x0000000000000000, R15=0x0000000000000000
RIP=0x0000000000000000, EFLAGS=0x0000000000010202


Register to memory mapping:

RAX=0x00000165e4d70000 points into unknown readable memory: 0x0000000000000000 | 00 00 00 00 00 00 00 00
RBX=0x00000165dd037670 points into unknown readable memory: 0x0000000404109ee0 | e0 9e 10 04 04 00 00 00
RCX=0x00000165974ef9f0 points into unknown readable memory: 0x00000165e4d70000 | 00 00 d7 e4 65 01 00 00
RDX=0x00000165dd037670 points into unknown readable memory: 0x0000000404109ee0 | e0 9e 10 04 04 00 00 00
RSP=0x00000003360ff618 is pointing into the stack for thread: 0x00000165974ef630
RBP=0x00007fff1e940428 jdwp.dll
RSI=0x00000003360ff6c0 is pointing into the stack for thread: 0x00000165974ef630
RDI=0x00000165974ef9f0 points into unknown readable memory: 0x00000165e4d70000 | 00 00 d7 e4 65 01 00 00
R8 =0x0000000000010002 is an unknown value
R9 =0x0 is null
R10=0x00007ffeda730000 VCRUNTIME140.dll
R11=0x00000003360ff5e8 is pointing into the stack for thread: 0x00000165974ef630
R12=0x0000000000000006 is an unknown value
R13=0x00000165e74e7860 points into unknown readable memory: 0x00007ffe46c5e8d0 | d0 e8 c5 46 fe 7f 00 00
R14=0x0 is null
R15=0x0 is null

Top of Stack: (sp=0x00000003360ff618)
0x00000003360ff618:   00007fff1e9261f3 00000165dd037670
0x00000003360ff628:   00000003360ff6c0 0000000000000000
0x00000003360ff638:   0000000000000000 0000000000000000
0x00000003360ff648:   00000165974ef630 0000000000000003
0x00000003360ff658:   0000000000000002 00000165974efc08
0x00000003360ff668:   00007fff1e92455d 00000165dd037670
0x00000003360ff678:   00007fff1e940428 00000165974ef630
0x00000003360ff688:   00000165974ef9f0 0000016598475e00
0x00000003360ff698:   00000165f705ec80 00000165974ef630
0x00000003360ff6a8:   00007ffe4644c3b4 00000165974ef630
0x00000003360ff6b8:   00000165974ef630 0000000000000006
0x00000003360ff6c8:   00000165dd037670 0000000000000000
0x00000003360ff6d8:   0000000000000000 0000000000000000
0x00000003360ff6e8:   0000000000000000 0000000000000000
0x00000003360ff6f8:   0000000000000000 0000000000000000
0x00000003360ff708:   0000000000000000 0000000000000000
0x00000003360ff718:   00000165974efc08 00000165975dc4a0
0x00000003360ff728:   00007ffe46610a71 0000000000000000
0x00000003360ff738:   00000165dd079600 00000165974ef630
0x00000003360ff748:   00007ffe46375b29 00000165974ef630
0x00000003360ff758:   fffffffe00000000 00000165dd13b180
0x00000003360ff768:   00000165dd1917c0 00000165dd1917d0
0x00000003360ff778:   00000165dd191ba8 00000000000003d8
0x00000003360ff788:   00000165974ef630 00000165974ef630
0x00000003360ff798:   00000165dd13ba00 00000165ffe1c3b0
0x00000003360ff7a8:   00000165ffe1c3c8 00000165ffe1c498
0x00000003360ff7b8:   00000000000000d8 00000003360ff950
0x00000003360ff7c8:   00000165974ef630 0000000000000000
0x00000003360ff7d8:   000000044322be50 0000000000000000
0x00000003360ff7e8:   00007ffe46742071 0000000000000012
0x00000003360ff7f8:   00000165e74e0160 00000000000003d8
0x00000003360ff808:   00000003360ff7b8 0000000000000000 

Instructions: (pc=0x00007fff1e9261f3)
0x00007fff1e9260f3:   2c 41 b8 61 02 00 00 48 8d 0d 97 6e 01 00 48 8b
0x00007fff1e926103:   d3 e8 7f 50 00 00 41 8b cc e8 33 a0 ff ff 48 8b
0x00007fff1e926113:   d0 48 8d 0d 55 a4 01 00 e8 10 51 00 00 4c 8b 4e
0x00007fff1e926123:   28 48 8d 0d 5d a4 01 00 4c 8b 46 20 48 8b 56 08
0x00007fff1e926133:   e8 0c 0e 01 00 48 8b 05 b1 0f 02 00 f6 80 10 02
0x00007fff1e926143:   00 00 02 74 28 41 b8 6a 02 00 00 48 8d 0d 6f 62
0x00007fff1e926153:   01 00 48 8b d3 e8 2b 50 00 00 48 8d 15 54 63 01
0x00007fff1e926163:   00 48 8d 0d 6d 62 01 00 e8 c0 50 00 00 48 8b 07
0x00007fff1e926173:   48 8b cf ff 50 78 48 8b 0d 70 0f 02 00 4c 8b f8
0x00007fff1e926183:   f6 81 10 02 00 00 02 74 28 41 b8 6b 02 00 00 48
0x00007fff1e926193:   8d 0d 2b 62 01 00 48 8b d3 e8 e7 4f 00 00 48 8d
0x00007fff1e9261a3:   15 48 63 01 00 48 8d 0d 29 62 01 00 e8 7c 50 00
0x00007fff1e9261b3:   00 48 8b 07 48 8b cf ff 90 88 00 00 00 83 3d e5
0x00007fff1e9261c3:   0a 02 00 00 76 0c e8 ce 5b ff ff 83 25 d7 0a 02
0x00007fff1e9261d3:   00 00 48 8b 5e 08 48 85 db 74 4b 48 8b 05 0b 0f
0x00007fff1e9261e3:   02 00 80 78 13 00 74 0b 48 8b cb e8 b5 07 01 00
0x00007fff1e9261f3:   88 46 10 4d 8b c7 48 8b d6 41 8a ce e8 c8 a0 00
0x00007fff1e926203:   00 48 8b e8 48 85 c0 75 25 48 8b cb e8 c0 44 00
0x00007fff1e926213:   00 84 c0 0f 84 ea 00 00 00 48 8b d3 41 8a ce e8
0x00007fff1e926223:   ad 13 00 00 eb e3 e8 0e 0e 00 00 48 8b e8 4c 8b
0x00007fff1e926233:   cd 44 88 74 24 20 45 8b c4 48 8b d6 48 8b cf e8
0x00007fff1e926243:   e1 00 00 00 83 3e 14 75 0b 48 8b 05 9d 0e 02 00
0x00007fff1e926253:   c6 40 10 01 48 85 db 75 08 48 8b cd e8 0c 53 ff
0x00007fff1e926263:   ff 48 8b 05 85 0e 02 00 4d 85 ff 74 43 f6 80 10
0x00007fff1e926273:   02 00 00 02 74 2c 41 b8 b3 02 00 00 48 8d 15 a2
0x00007fff1e926283:   a1 01 00 48 8d 0d 37 61 01 00 e8 f6 4e 00 00 48
0x00007fff1e926293:   8d 15 e7 7c 01 00 48 8d 0d 38 61 01 00 e8 8b 4f
0x00007fff1e9262a3:   00 00 48 8b 07 49 8b d7 48 8b cf ff 50 68 eb 41
0x00007fff1e9262b3:   f6 80 10 02 00 00 02 74 2c 41 b8 b5 02 00 00 48
0x00007fff1e9262c3:   8d 15 5f a1 01 00 48 8d 0d f4 60 01 00 e8 b3 4e
0x00007fff1e9262d3:   00 00 48 8d 15 14 62 01 00 48 8d 0d f5 60 01 00
0x00007fff1e9262e3:   e8 48 4f 00 00 48 8b 07 48 8b cf ff 90 88 00 00 


Stack slot to memory mapping:

stack at sp + 0 slots: 0x00000165dd037670 points into unknown readable memory: 0x0000000404109ee0 | e0 9e 10 04 04 00 00 00
stack at sp + 1 slots: 0x00000003360ff6c0 is pointing into the stack for thread: 0x00000165974ef630
stack at sp + 2 slots: 0x0 is null
stack at sp + 3 slots: 0x0 is null
stack at sp + 4 slots: 0x0 is null
stack at sp + 5 slots: 0x00000165974ef630 is a thread
stack at sp + 6 slots: 0x0000000000000003 is an unknown value
stack at sp + 7 slots: 0x0000000000000002 is an unknown value

Lock stack of current Java thread (top to bottom):


---------------  P R O C E S S  ---------------

Threads class SMR info:
_java_thread_list=0x00000166006230c0, length=28, elements={
0x00000165974e5670, 0x00000165974e6430, 0x00000165974ec3f0, 0x00000165974edad0,
0x00000165974f0350, 0x00000165974eefa0, 0x00000165974faed0, 0x00000165974fe130,
0x00000165975baa70, 0x00000165977d4a90, 0x00000165dd02b710, 0x00000165dd030cb0,
0x00000165dd031340, 0x00000165974f2420, 0x00000165974f1d90, 0x00000165974ef630,
0x00000165974efcc0, 0x00000165dd18bd90, 0x00000165974f09e0, 0x00000165974f1700,
0x0000016600be4d80, 0x0000016600be1900, 0x0000016600be2620, 0x0000016600be8200,
0x0000016600be39d0, 0x00000166025b53d0, 0x00000166025b3f60, 0x0000016600be46f0
}

Java Threads: ( => current thread )
  0x00000165974e5670 JavaThread "Reference Handler"          daemon [_thread_blocked, id=9092, stack(0x0000000334f00000,0x0000000335000000) (1024K)]
  0x00000165974e6430 JavaThread "Finalizer"                  daemon [_thread_blocked, id=35656, stack(0x0000000335000000,0x0000000335100000) (1024K)]
  0x00000165974ec3f0 JavaThread "Signal Dispatcher"          daemon [_thread_blocked, id=24328, stack(0x0000000335100000,0x0000000335200000) (1024K)]
  0x00000165974edad0 JavaThread "Attach Listener"            daemon [_thread_blocked, id=12292, stack(0x0000000335200000,0x0000000335300000) (1024K)]
  0x00000165974f0350 JavaThread "Service Thread"             daemon [_thread_blocked, id=36364, stack(0x0000000335300000,0x0000000335400000) (1024K)]
  0x00000165974eefa0 JavaThread "Monitor Deflation Thread"   daemon [_thread_blocked, id=40452, stack(0x0000000335400000,0x0000000335500000) (1024K)]
  0x00000165974faed0 JavaThread "C2 CompilerThread0"         daemon [_thread_in_native, id=11820, stack(0x0000000335500000,0x0000000335600000) (1024K)]
  0x00000165974fe130 JavaThread "C1 CompilerThread0"         daemon [_thread_blocked, id=34304, stack(0x0000000335600000,0x0000000335700000) (1024K)]
  0x00000165975baa70 JavaThread "C1 CompilerThread1"         daemon [_thread_blocked, id=43800, stack(0x0000000335700000,0x0000000335800000) (1024K)]
  0x00000165977d4a90 JavaThread "C1 CompilerThread2"         daemon [_thread_blocked, id=38168, stack(0x0000000335800000,0x0000000335900000) (1024K)]
  0x00000165dd02b710 JavaThread "JDWP Transport Listener: dt_socket" daemon [_thread_blocked, id=36008, stack(0x0000000335900000,0x0000000335a00000) (1024K)]
  0x00000165dd030cb0 JavaThread "JDWP Event Helper Thread"   daemon [_thread_blocked, id=40000, stack(0x0000000335a00000,0x0000000335b00000) (1024K)]
  0x00000165dd031340 JavaThread "JDWP Command Reader"        daemon [_thread_in_native, id=37896, stack(0x0000000335b00000,0x0000000335c00000) (1024K)]
  0x00000165974f2420 JavaThread "Notification Thread"        daemon [_thread_blocked, id=37200, stack(0x0000000335c00000,0x0000000335d00000) (1024K)]
  0x00000165974f1d90 JavaThread "Common-Cleaner"             daemon [_thread_blocked, id=43740, stack(0x0000000335d00000,0x0000000335e00000) (1024K)]
=>0x00000165974ef630 JavaThread "Thread-0"                          [_thread_in_native, id=39812, stack(0x0000000336000000,0x0000000336100000) (1024K)]
  0x00000165974efcc0 JavaThread "DestroyJavaVM"                     [_thread_blocked, id=32428, stack(0x0000000334700000,0x0000000334800000) (1024K)]
  0x00000165dd18bd90 JavaThread "C1 CompilerThread3"         daemon [_thread_blocked, id=9956, stack(0x0000000336100000,0x0000000336200000) (1024K)]
  0x00000165974f09e0 JavaThread "Thread to free LWJGL byte buffers" daemon [_thread_blocked, id=39600, stack(0x0000000336700000,0x0000000336800000) (1024K)]
  0x00000165974f1700 JavaThread "Java2D Disposer"            daemon [_thread_blocked, id=36516, stack(0x0000000336e00000,0x0000000336f00000) (1024K)]
  0x0000016600be4d80 JavaThread "AWT-Shutdown"                      [_thread_blocked, id=41460, stack(0x0000000338800000,0x0000000338900000) (1024K)]
  0x0000016600be1900 JavaThread "AWT-Windows"                daemon [_thread_in_native, id=35256, stack(0x0000000338900000,0x0000000338a00000) (1024K)]
  0x0000016600be2620 JavaThread "AWT-EventQueue-0"                  [_thread_in_vm, id=17516, stack(0x0000000338c80000,0x0000000338d80000) (1024K)]
  0x0000016600be8200 JavaThread "D3D Screen Updater"         daemon [_thread_blocked, id=42820, stack(0x0000000338d80000,0x0000000338e80000) (1024K)]
  0x0000016600be39d0 JavaThread "Thread-2"                          [_thread_blocked, id=41852, stack(0x0000000336f00000,0x0000000337000000) (1024K)]
  0x00000166025b53d0 JavaThread "C2 CompilerThread1"         daemon [_thread_in_native, id=7852, stack(0x0000000337000000,0x0000000337100000) (1024K)]
  0x00000166025b3f60 JavaThread "C2 CompilerThread2"         daemon [_thread_in_native, id=5932, stack(0x0000000336600000,0x0000000336700000) (1024K)]
  0x0000016600be46f0 JavaThread "Image Fetcher 0"            daemon [_thread_blocked, id=16624, stack(0x0000000336900000,0x0000000336a00000) (1024K)]
Total: 28

Other Threads:
  0x00000165ffdff6e0 VMThread "VM Thread"                           [id=39228, stack(0x0000000334e00000,0x0000000334f00000) (1024K)]
  0x00000165974dca00 WatcherThread "VM Periodic Task Thread"        [id=43696, stack(0x0000000334d00000,0x0000000334e00000) (1024K)]
  0x00000165e755f8c0 WorkerThread "GC Thread#0"                     [id=41104, stack(0x0000000334800000,0x0000000334900000) (1024K)]
  0x0000016600861bb0 WorkerThread "GC Thread#1"                     [id=35732, stack(0x0000000337500000,0x0000000337600000) (1024K)]
  0x000001660080c740 WorkerThread "GC Thread#2"                     [id=31284, stack(0x0000000337600000,0x0000000337700000) (1024K)]
  0x0000016601171b00 WorkerThread "GC Thread#3"                     [id=39892, stack(0x0000000337700000,0x0000000337800000) (1024K)]
  0x00000166008743d0 WorkerThread "GC Thread#4"                     [id=42884, stack(0x0000000337800000,0x0000000337900000) (1024K)]
  0x0000016601192c80 WorkerThread "GC Thread#5"                     [id=12528, stack(0x0000000337900000,0x0000000337a00000) (1024K)]
  0x00000166011a44f0 WorkerThread "GC Thread#6"                     [id=43784, stack(0x0000000337a00000,0x0000000337b00000) (1024K)]
  0x00000166011a48a0 WorkerThread "GC Thread#7"                     [id=41148, stack(0x0000000337b00000,0x0000000337c00000) (1024K)]
  0x00000166011a4c50 WorkerThread "GC Thread#8"                     [id=40972, stack(0x0000000337c00000,0x0000000337d00000) (1024K)]
  0x0000016600ead640 WorkerThread "GC Thread#9"                     [id=37828, stack(0x0000000337d00000,0x0000000337e00000) (1024K)]
  0x00000166011da9d0 WorkerThread "GC Thread#10"                    [id=22696, stack(0x0000000337e00000,0x0000000337f00000) (1024K)]
  0x00000166011dad80 WorkerThread "GC Thread#11"                    [id=32332, stack(0x0000000337f00000,0x0000000338000000) (1024K)]
  0x00000166011db4e0 WorkerThread "GC Thread#12"                    [id=24540, stack(0x0000000338000000,0x0000000338100000) (1024K)]
  0x00000166011db130 WorkerThread "GC Thread#13"                    [id=42208, stack(0x0000000338100000,0x0000000338200000) (1024K)]
  0x00000166011da620 WorkerThread "GC Thread#14"                    [id=37484, stack(0x0000000338200000,0x0000000338300000) (1024K)]
  0x00000166011db890 WorkerThread "GC Thread#15"                    [id=24112, stack(0x0000000338300000,0x0000000338400000) (1024K)]
  0x00000166011dbc40 WorkerThread "GC Thread#16"                    [id=7468, stack(0x0000000338400000,0x0000000338500000) (1024K)]
  0x00000166011dbff0 WorkerThread "GC Thread#17"                    [id=38416, stack(0x0000000338500000,0x0000000338600000) (1024K)]
  0x0000016600fa4850 WorkerThread "GC Thread#18"                    [id=512, stack(0x0000000338600000,0x0000000338700000) (1024K)]
  0x0000016600fa3230 WorkerThread "GC Thread#19"                    [id=22380, stack(0x0000000338700000,0x0000000338800000) (1024K)]
  0x00000165ffca0400 ConcurrentGCThread "G1 Main Marker"            [id=31528, stack(0x0000000334900000,0x0000000334a00000) (1024K)]
  0x00000165e7574720 WorkerThread "G1 Conc#0"                       [id=10936, stack(0x0000000334a00000,0x0000000334b00000) (1024K)]
  0x0000016600fa2ad0 WorkerThread "G1 Conc#1"                       [id=6920, stack(0x0000000336a00000,0x0000000336b00000) (1024K)]
  0x0000016600fa2e80 WorkerThread "G1 Conc#2"                       [id=38904, stack(0x0000000336b00000,0x0000000336c00000) (1024K)]
  0x0000016600fa35e0 WorkerThread "G1 Conc#3"                       [id=35108, stack(0x0000000336c00000,0x0000000336d00000) (1024K)]
  0x0000016600fa3990 WorkerThread "G1 Conc#4"                       [id=6696, stack(0x0000000337100000,0x0000000337200000) (1024K)]
  0x00000165ffd8cc60 ConcurrentGCThread "G1 Refine#0"               [id=38252, stack(0x0000000334b00000,0x0000000334c00000) (1024K)]
  0x00000165e513f830 ConcurrentGCThread "G1 Service"                [id=36352, stack(0x0000000334c00000,0x0000000334d00000) (1024K)]
Total: 30

Threads with active compile tasks:
C2 CompilerThread0  3418 3392   !   4       java.util.zip.InflaterInputStream::read (129 bytes)
C2 CompilerThread1  3418 3413 % !   4       sun.awt.image.ImageRepresentation::getOpaqueRGBImage @ 54 (164 bytes)
C2 CompilerThread2  3418 3404 % !   4       sun.awt.image.PNGImageDecoder::produceImage @ 960 (1917 bytes)
Total: 3

VM state: not at safepoint (normal execution)

VM Mutex/Monitor currently owned by a thread: None

Heap address: 0x0000000404000000, size: 16320 MB, Compressed Oops mode: Zero based, Oop shift amount: 3

CDS archive(s) mapped at: [0x0000016598000000-0x0000016598d70000-0x0000016598d70000), size 14090240, SharedBaseAddress: 0x0000016598000000, ArchiveRelocationMode: 1.
Compressed class space mapped at: 0x0000016599000000-0x00000165d9000000, reserved size: 1073741824
Narrow klass base: 0x0000016598000000, Narrow klass shift: 0, Narrow klass range: 0x41000000

GC Precious Log:
 CardTable entry size: 512
 Card Set container configuration: InlinePtr #cards 4 size 8 Array Of Cards #cards 64 size 144 Howl #buckets 8 coarsen threshold 14745 Howl Bitmap #cards 2048 size 272 coarsen threshold 1843 Card regions per heap region 1 cards per card region 16384
 CPUs: 28 total, 28 available
 Memory: 65277M
 Large Page Support: Disabled
 NUMA Support: Disabled
 Compressed Oops: Enabled (Zero based)
 Heap Region Size: 8M
 Heap Min Capacity: 8M
 Heap Initial Capacity: 1G
 Heap Max Capacity: 16320M
 Pre-touch: Disabled
 Parallel Workers: 20
 Concurrent Workers: 5
 Concurrent Refinement Workers: 20
 Periodic GC: Disabled

Heap:
 garbage-first heap   total reserved 16711680K, committed 57344K, used 15291K [0x0000000404000000, 0x0000000800000000)
  region size 8192K, 2 young (16384K), 1 survivors (8192K)
 Metaspace       used 22613K, committed 22848K, reserved 1114112K
  class space    used 2114K, committed 2240K, reserved 1048576K

Heap Regions: E=young(eden), S=young(survivor), O=old, HS=humongous(starts), HC=humongous(continues), CS=collection set, F=free, TAMS=top-at-mark-start, PB=parsable bottom
|   0|0x0000000404000000, 0x00000004047156d0, 0x0000000404800000| 88%| O|  |TAMS 0x0000000404000000| PB 0x0000000404000000| Untracked |  0
|   1|0x0000000404800000, 0x0000000404800000, 0x0000000405000000|  0%| F|  |TAMS 0x0000000404800000| PB 0x0000000404800000| Untracked |  0
|   2|0x0000000405000000, 0x0000000405000000, 0x0000000405800000|  0%| F|  |TAMS 0x0000000405000000| PB 0x0000000405000000| Untracked |  0
|   3|0x0000000405800000, 0x0000000405800000, 0x0000000406000000|  0%| F|  |TAMS 0x0000000405800000| PB 0x0000000405800000| Untracked |  0
|   4|0x0000000406000000, 0x0000000406000000, 0x0000000406800000|  0%| F|  |TAMS 0x0000000406000000| PB 0x0000000406000000| Untracked |  0
| 123|0x0000000441800000, 0x0000000441fd97f0, 0x0000000442000000| 98%| S|CS|TAMS 0x0000000441800000| PB 0x0000000441800000| Complete |  0
| 127|0x0000000443800000, 0x0000000443bae378, 0x0000000444000000| 46%| E|  |TAMS 0x0000000443800000| PB 0x0000000443800000| Complete |  0

Card table byte_map: [0x0000016581fe0000,0x0000016583fc0000] _byte_map_base: 0x000001657ffc0000

Marking Bits: (CMBitMap*) 0x00000165ffc9f950
 Bits: [0x0000016583fc0000, 0x0000016593ec0000)

Polling page: 0x00000165e50e0000

Metaspace:

Usage:
  Non-class:     20.02 MB used.
      Class:      2.07 MB used.
       Both:     22.08 MB used.

Virtual space:
  Non-class space:       64.00 MB reserved,      20.12 MB ( 31%) committed,  1 nodes.
      Class space:        1.00 GB reserved,       2.19 MB ( <1%) committed,  1 nodes.
             Both:        1.06 GB reserved,      22.31 MB (  2%) committed. 

Chunk freelists:
   Non-Class:  11.00 MB
       Class:  13.75 MB
        Both:  24.75 MB

MaxMetaspaceSize: unlimited
CompressedClassSpaceSize: 1.00 GB
Initial GC threshold: 21.00 MB
Current GC threshold: 35.56 MB
CDS: on
 - commit_granule_bytes: 65536.
 - commit_granule_words: 8192.
 - virtual_space_node_default_size: 8388608.
 - enlarge_chunks_in_place: 1.
 - use_allocation_guard: 0.


Internal statistics:

num_allocs_failed_limit: 3.
num_arena_births: 242.
num_arena_deaths: 0.
num_vsnodes_births: 2.
num_vsnodes_deaths: 0.
num_space_committed: 356.
num_space_uncommitted: 0.
num_chunks_returned_to_freelist: 3.
num_chunks_taken_from_freelist: 671.
num_chunk_merges: 0.
num_chunk_splits: 438.
num_chunks_enlarged: 291.
num_inconsistent_stats: 0.

CodeHeap 'non-profiled nmethods': size=119232Kb used=1377Kb max_used=1377Kb free=117854Kb
 bounds [0x00000165f7790000, 0x00000165f7a00000, 0x00000165fec00000]
CodeHeap 'profiled nmethods': size=119104Kb used=5361Kb max_used=5361Kb free=113742Kb
 bounds [0x00000165efc00000, 0x00000165f0140000, 0x00000165f7050000]
CodeHeap 'non-nmethods': size=7424Kb used=4099Kb max_used=4125Kb free=3324Kb
 bounds [0x00000165f7050000, 0x00000165f7460000, 0x00000165f7790000]
CodeCache: size=245760Kb, used=10837Kb, max_used=10863Kb, free=234920Kb
 total_blobs=4748, nmethods=3440, adapters=1210, full_count=0
Compilation: enabled, stopped_count=0, restarted_count=0

Compilation events (20 events):
Event: 3.332 Thread 0x00000165974fe130 nmethod 3310 0x00000165f00fb408 code [0x00000165f00fb560, 0x00000165f00fb8b8]
Event: 3.332 Thread 0x00000165975baa70 3314   !   3       sun.nio.ch.FileChannelImpl::size (238 bytes)
Event: 3.333 Thread 0x00000165974fe130 3315       3       sun.nio.ch.FileDispatcherImpl::size (5 bytes)
Event: 3.333 Thread 0x00000165974fe130 nmethod 3315 0x00000165f00fb908 code [0x00000165f00fba20, 0x00000165f00fbb68]
Event: 3.333 Thread 0x00000165974fe130 3316       3       sun.nio.ch.IOStatus::normalize (12 bytes)
Event: 3.333 Thread 0x00000165977d4a90 nmethod 3313 0x00000165f00fbc08 code [0x00000165f00fbd80, 0x00000165f00fc338]
Event: 3.333 Thread 0x00000165977d4a90 3317       3       java.nio.HeapByteBuffer::asIntBuffer (67 bytes)
Event: 3.333 Thread 0x00000165974fe130 nmethod 3316 0x00000165f00fc388 code [0x00000165f00fc4a0, 0x00000165f00fc5f8]
Event: 3.333 Thread 0x00000165974fe130 3318       3       java.nio.ByteBufferAsIntBufferB::<init> (50 bytes)
Event: 3.333 Thread 0x00000165974fe130 nmethod 3318 0x00000165f00fc688 code [0x00000165f00fc7c0, 0x00000165f00fc9a8]
Event: 3.333 Thread 0x00000165974fe130 3319       3       java.nio.HeapByteBuffer::getInt (30 bytes)
Event: 3.333 Thread 0x00000165977d4a90 nmethod 3317 0x00000165f00fca08 code [0x00000165f00fcb60, 0x00000165f00fceb8]
Event: 3.333 Thread 0x00000165977d4a90 3320  s!   3       sun.nio.ch.NativeThreadSet::signalAndWait (121 bytes)
Event: 3.333 Thread 0x00000165975baa70 nmethod 3314 0x00000165f00fcf08 code [0x00000165f00fd180, 0x00000165f00fe1b0]
Event: 3.333 Thread 0x00000165dd18bd90 nmethod 3312 0x00000165f00fe288 code [0x00000165f00fe580, 0x00000165f00ffa88]
Event: 3.333 Thread 0x00000165977d4a90 nmethod 3320 0x00000165f00ffb08 code [0x00000165f00ffca0, 0x00000165f0100448]
Event: 3.333 Thread 0x00000165974fe130 nmethod 3319 0x00000165f0100488 code [0x00000165f0100660, 0x00000165f0100f58]
Event: 3.334 Thread 0x00000165977d4a90 3321       3       sun.awt.SunToolkit::getStartupLocale (142 bytes)
Event: 3.334 Thread 0x00000165975baa70 3322       3       sun.font.TrueTypeFont::getLCIDFromLocale (90 bytes)
Event: 3.334 Thread 0x00000165dd18bd90 3323       3       sun.font.TrueTypeFont::getLanguageCompatibleLCIDsFromLocale (42 bytes)

GC Heap History (4 events):
Event: 1.179 GC heap before
{Heap before GC invocations=0 (full 0):
 garbage-first heap   total reserved 16711680K, committed 1048576K, used 49152K [0x0000000404000000, 0x0000000800000000)
  region size 8192K, 6 young (49152K), 0 survivors (0K)
 Metaspace       used 13205K, committed 13376K, reserved 1114112K
  class space    used 1005K, committed 1088K, reserved 1048576K
}
Event: 1.183 GC heap after
{Heap after GC invocations=1 (full 0):
 garbage-first heap   total reserved 16711680K, committed 1048576K, used 9207K [0x0000000404000000, 0x0000000800000000)
  region size 8192K, 1 young (8192K), 1 survivors (8192K)
 Metaspace       used 13205K, committed 13376K, reserved 1114112K
  class space    used 1005K, committed 1088K, reserved 1048576K
}
Event: 1.379 GC heap before
{Heap before GC invocations=1 (full 0):
 garbage-first heap   total reserved 16711680K, committed 1048576K, used 50167K [0x0000000404000000, 0x0000000800000000)
  region size 8192K, 6 young (49152K), 1 survivors (8192K)
 Metaspace       used 14070K, committed 14272K, reserved 1114112K
  class space    used 1057K, committed 1152K, reserved 1048576K
}
Event: 1.384 GC heap after
{Heap after GC invocations=2 (full 0):
 garbage-first heap   total reserved 16711680K, committed 1048576K, used 10179K [0x0000000404000000, 0x0000000800000000)
  region size 8192K, 1 young (8192K), 1 survivors (8192K)
 Metaspace       used 14070K, committed 14272K, reserved 1114112K
  class space    used 1057K, committed 1152K, reserved 1048576K
}

Dll operation events (14 events):
Event: 0.005 Loaded shared library E:\Program Files\jdk23\bin\java.dll
Event: 0.025 Loaded shared library E:\Program Files\jdk23\bin\jsvml.dll
Event: 0.082 Loaded shared library E:\Program Files\jdk23\bin\net.dll
Event: 0.083 Loaded shared library E:\Program Files\jdk23\bin\nio.dll
Event: 0.085 Loaded shared library E:\Program Files\jdk23\bin\zip.dll
Event: 0.105 Loaded shared library E:\Program Files\jdk23\bin\jimage.dll
Event: 0.178 Loaded shared library E:\CSProject2024\bulletjme.dll
Event: 0.209 Loaded shared library C:\Users\Tsawke\AppData\Local\Temp\lwjglTsawke\3.2.3-build-13\lwjgl.dll
Event: 0.612 Loaded shared library C:\Users\Tsawke\AppData\Local\Temp\lwjglTsawke\3.2.3-build-13\lwjgl_opengl.dll
Event: 0.903 Loaded shared library E:\Program Files\jdk23\bin\awt.dll
Event: 1.164 Loaded shared library E:\Program Files\jdk23\bin\javajpeg.dll
Event: 1.583 Loaded shared library E:\Program Files\jdk23\bin\freetype.dll
Event: 1.583 Loaded shared library E:\Program Files\jdk23\bin\fontmanager.dll
Event: 3.244 Loaded shared library E:\Program Files\jdk23\bin\prefs.dll

Deoptimization events (20 events):
Event: 3.289 Thread 0x0000016600be2620 Uncommon trap: trap_request=0xffffffde fr.pc=0x00000165f78a8414 relative=0x0000000000000174
Event: 3.289 Thread 0x0000016600be2620 Uncommon trap: reason=class_check action=maybe_recompile pc=0x00000165f78a8414 method=java.util.concurrent.locks.AbstractQueuedSynchronizer.release(I)Z @ 2 c2
Event: 3.289 Thread 0x0000016600be2620 DEOPT PACKING pc=0x00000165f78a8414 sp=0x0000000338d7e350
Event: 3.289 Thread 0x0000016600be2620 DEOPT UNPACKING pc=0x00000165f70a4402 sp=0x0000000338d7e328 mode 2
Event: 3.290 Thread 0x0000016600be2620 Uncommon trap: trap_request=0xffffff45 fr.pc=0x00000165f7885408 relative=0x00000000000001e8
Event: 3.290 Thread 0x0000016600be2620 Uncommon trap: reason=unstable_if action=reinterpret pc=0x00000165f7885408 method=java.lang.StringConcatHelper.prepend(J[BLjava/lang/String;)J @ 13 c2
Event: 3.290 Thread 0x0000016600be2620 DEOPT PACKING pc=0x00000165f7885408 sp=0x0000000338d7df50
Event: 3.290 Thread 0x0000016600be2620 DEOPT UNPACKING pc=0x00000165f70a4402 sp=0x0000000338d7df20 mode 2
Event: 3.296 Thread 0x0000016600be2620 Uncommon trap: trap_request=0xffffff45 fr.pc=0x00000165f77b69b0 relative=0x0000000000000230
Event: 3.296 Thread 0x0000016600be2620 Uncommon trap: reason=unstable_if action=reinterpret pc=0x00000165f77b69b0 method=java.lang.StringUTF16.compress([CI[BII)I @ 20 c2
Event: 3.296 Thread 0x0000016600be2620 DEOPT PACKING pc=0x00000165f77b69b0 sp=0x0000000338d7dad0
Event: 3.296 Thread 0x0000016600be2620 DEOPT UNPACKING pc=0x00000165f70a4402 sp=0x0000000338d7da40 mode 2
Event: 3.298 Thread 0x0000016600be2620 DEOPT PACKING pc=0x00000165efc7e9c4 sp=0x0000000338d7dcf0
Event: 3.298 Thread 0x0000016600be2620 DEOPT UNPACKING pc=0x00000165f70a4b22 sp=0x0000000338d7d1b0 mode 1
Event: 3.301 Thread 0x0000016600be2620 DEOPT PACKING pc=0x00000165f00c631c sp=0x0000000338d7dd60
Event: 3.301 Thread 0x0000016600be2620 DEOPT UNPACKING pc=0x00000165f70a4b22 sp=0x0000000338d7d1b8 mode 1
Event: 3.305 Thread 0x0000016600be2620 Uncommon trap: trap_request=0xffffff45 fr.pc=0x00000165f7813ac0 relative=0x0000000000000220
Event: 3.305 Thread 0x0000016600be2620 Uncommon trap: reason=unstable_if action=reinterpret pc=0x00000165f7813ac0 method=java.lang.String.startsWith(Ljava/lang/String;I)Z @ 50 c2
Event: 3.305 Thread 0x0000016600be2620 DEOPT PACKING pc=0x00000165f7813ac0 sp=0x0000000338d7ddb0
Event: 3.305 Thread 0x0000016600be2620 DEOPT UNPACKING pc=0x00000165f70a4402 sp=0x0000000338d7dcf0 mode 2

Classes loaded (20 events):
Event: 3.289 Loading class com/sun/java/swing/plaf/windows/WindowsLookAndFeel$1
Event: 3.289 Loading class com/sun/java/swing/plaf/windows/WindowsLookAndFeel$1 done
Event: 3.289 Loading class javax/swing/BorderFactory
Event: 3.289 Loading class javax/swing/BorderFactory done
Event: 3.289 Loading class javax/swing/border/BevelBorder
Event: 3.289 Loading class javax/swing/border/BevelBorder done
Event: 3.289 Loading class javax/swing/border/EtchedBorder
Event: 3.289 Loading class javax/swing/border/EtchedBorder done
Event: 3.289 Loading class com/sun/java/swing/plaf/windows/WindowsLookAndFeel$SkinIcon
Event: 3.289 Loading class com/sun/java/swing/plaf/windows/WindowsLookAndFeel$SkinIcon done
Event: 3.290 Loading class java/awt/event/WindowAdapter
Event: 3.290 Loading class java/awt/event/WindowAdapter done
Event: 3.290 Loading class com/sun/java/swing/plaf/windows/WindowsButtonUI
Event: 3.290 Loading class com/sun/java/swing/plaf/windows/WindowsButtonUI done
Event: 3.299 Loading class sun/font/SunFontManager$3
Event: 3.299 Loading class sun/font/SunFontManager$3 done
Event: 3.304 Loading class sun/font/SunFontManager$8
Event: 3.304 Loading class sun/font/SunFontManager$8 done
Event: 3.311 Loading class sun/font/SunFontManager$9
Event: 3.312 Loading class sun/font/SunFontManager$9 done

Classes unloaded (0 events):
No events

Classes redefined (0 events):
No events

Internal exceptions (20 events):
Event: 0.921 Thread 0x00000165974ef630 Exception <a 'sun/nio/fs/WindowsException'{0x0000000441c3e030}> (0x0000000441c3e030) 
thrown [s\open\src\hotspot\share\prims\jni.cpp, line 520]
Event: 1.105 Thread 0x00000165974ef630 Exception <a 'java/lang/ClassNotFoundException'{0x0000000441f3b880}: sun/awt/resources/spi/awtProvider> (0x0000000441f3b880) 
thrown [s\open\src\hotspot\share\classfile\systemDictionary.cpp, line 313]
Event: 1.106 Thread 0x00000165974ef630 Exception <a 'java/io/FileNotFoundException'{0x0000000441f42ba8}> (0x0000000441f42ba8) 
thrown [s\open\src\hotspot\share\prims\jni.cpp, line 520]
Event: 1.109 Thread 0x00000165974ef630 Exception <a 'java/io/FileNotFoundException'{0x0000000441f6d108}> (0x0000000441f6d108) 
thrown [s\open\src\hotspot\share\prims\jni.cpp, line 520]
Event: 1.292 Thread 0x00000165974ef630 Exception <a 'java/lang/NoSuchMethodError'{0x0000000442a94e78}: 'java.lang.Object java.lang.invoke.DirectMethodHandle$Holder.newInvokeSpecial(java.lang.Object, java.lang.Object, java.lang.Object, java.lang.Object, java.lang.Object, java.lang.Object, java.lang.Object)'> (0x0000000442a94e78) 
thrown [s\open\src\hotspot\share\interpreter\linkResolver.cpp, line 796]
Event: 1.418 Thread 0x00000165974ef630 Exception <a 'java/lang/NoSuchMethodError'{0x00000004435e4320}: 'void java.lang.invoke.DirectMethodHandle$Holder.invokeSpecial(java.lang.Object, java.lang.Object, int)'> (0x00000004435e4320) 
thrown [s\open\src\hotspot\share\interpreter\linkResolver.cpp, line 796]
Event: 1.555 Thread 0x00000165974ef630 Exception <a 'java/lang/NoSuchMethodError'{0x00000004436dfa20}: 'java.lang.Object java.lang.invoke.DirectMethodHandle$Holder.invokeStatic(java.lang.Object, int, java.lang.Object)'> (0x00000004436dfa20) 
thrown [s\open\src\hotspot\share\interpreter\linkResolver.cpp, line 796]
Event: 1.562 Thread 0x00000165974ef630 Exception <a 'java/lang/ClassNotFoundException'{0x0000000443784070}: com/sun/swing/internal/plaf/metal/resources/spi/metalProvider> (0x0000000443784070) 
thrown [s\open\src\hotspot\share\classfile\systemDictionary.cpp, line 313]
Event: 1.563 Thread 0x00000165974ef630 Exception <a 'java/lang/ClassNotFoundException'{0x00000004437ccbd8}: com/sun/swing/internal/plaf/basic/resources/spi/basicProvider> (0x00000004437ccbd8) 
thrown [s\open\src\hotspot\share\classfile\systemDictionary.cpp, line 313]
Event: 1.567 Thread 0x00000165974ef630 Exception <a 'java/lang/NoSuchMethodError'{0x00000004437edd20}: 'int java.lang.invoke.Invokers$Holder.invokeExact_MT(java.lang.Object, java.lang.Object)'> (0x00000004437edd20) 
thrown [s\open\src\hotspot\share\interpreter\linkResolver.cpp, line 796]
Event: 1.570 Thread 0x00000165974ef630 Exception <a 'java/lang/NoSuchMethodError'{0x0000000442804b78}: 'java.lang.Object java.lang.invoke.DirectMethodHandle$Holder.invokeSpecial(java.lang.Object, java.lang.Object, int, java.lang.Object, int)'> (0x0000000442804b78) 
thrown [s\open\src\hotspot\share\interpreter\linkResolver.cpp, line 796]
Event: 1.573 Thread 0x0000016600be1900 Exception <a 'java/lang/NoSuchMethodError'{0x00000004436b7448}: 'void java.lang.invoke.DirectMethodHandle$Holder.invokeVirtual(java.lang.Object, java.lang.Object)'> (0x00000004436b7448) 
thrown [s\open\src\hotspot\share\interpreter\linkResolver.cpp, line 796]
Event: 1.585 Thread 0x00000165974ef630 Exception <a 'java/io/FileNotFoundException'{0x000000044283bec8}> (0x000000044283bec8) 
thrown [s\open\src\hotspot\share\prims\jni.cpp, line 520]
Event: 1.614 Thread 0x00000165974ef630 Exception <a 'java/lang/NoSuchMethodError'{0x00000004428af3b0}: 'int java.lang.invoke.DirectMethodHandle$Holder.invokeStatic(java.lang.Object)'> (0x00000004428af3b0) 
thrown [s\open\src\hotspot\share\interpreter\linkResolver.cpp, line 796]
Event: 3.285 Thread 0x0000016600be2620 Exception <a 'java/lang/ClassNotFoundException'{0x0000000442de5438}: com/sun/java/swing/plaf/windows/resources/spi/windowsProvider> (0x0000000442de5438) 
thrown [s\open\src\hotspot\share\classfile\systemDictionary.cpp, line 313]
Event: 3.288 Thread 0x0000016600be2620 Exception <a 'java/lang/NoSuchMethodError'{0x0000000442df09d0}: 'java.lang.Object java.lang.invoke.DirectMethodHandle$Holder.invokeStatic(java.lang.Object, java.lang.Object, int, java.lang.Object)'> (0x0000000442df09d0) 
thrown [s\open\src\hotspot\share\interpreter\linkResolver.cpp, line 796]
Event: 3.288 Thread 0x0000016600be2620 Exception <a 'java/lang/NoSuchMethodError'{0x0000000442df6c90}: 'java.lang.Object java.lang.invoke.DirectMethodHandle$Holder.newInvokeSpecial(java.lang.Object, java.lang.Object, int)'> (0x0000000442df6c90) 
thrown [s\open\src\hotspot\share\interpreter\linkResolver.cpp, line 796]
Event: 3.288 Thread 0x00000165974f1070 Exception <a 'java/lang/InterruptedException'{0x0000000442e069d8}: sleep interrupted> (0x0000000442e069d8) 
thrown [s\open\src\hotspot\share\prims\jvm.cpp, line 3093]
Event: 3.298 Thread 0x0000016600be2620 Exception <a 'java/io/FileNotFoundException'{0x0000000442ec97c8}> (0x0000000442ec97c8) 
thrown [s\open\src\hotspot\share\prims\jni.cpp, line 520]
Event: 3.301 Thread 0x0000016600be2620 Exception <a 'java/io/FileNotFoundException'{0x0000000442ef97d0}> (0x0000000442ef97d0) 
thrown [s\open\src\hotspot\share\prims\jni.cpp, line 520]

VM Operations (20 events):
Event: 1.206 Executing VM operation: HandshakeAllThreads (Deoptimize)
Event: 1.206 Executing VM operation: HandshakeAllThreads (Deoptimize) done
Event: 1.379 Executing VM operation: G1CollectForAllocation (G1 Evacuation Pause)
Event: 1.384 Executing VM operation: G1CollectForAllocation (G1 Evacuation Pause) done
Event: 1.410 Executing VM operation: HandshakeAllThreads (Deoptimize)
Event: 1.410 Executing VM operation: HandshakeAllThreads (Deoptimize) done
Event: 1.410 Executing VM operation: HandshakeAllThreads (Deoptimize)
Event: 1.410 Executing VM operation: HandshakeAllThreads (Deoptimize) done
Event: 1.545 Executing VM operation: HandshakeAllThreads (Deoptimize)
Event: 1.545 Executing VM operation: HandshakeAllThreads (Deoptimize) done
Event: 1.545 Executing VM operation: HandshakeAllThreads (Deoptimize)
Event: 1.545 Executing VM operation: HandshakeAllThreads (Deoptimize) done
Event: 1.601 Executing VM operation: HandshakeAllThreads (Deoptimize)
Event: 1.601 Executing VM operation: HandshakeAllThreads (Deoptimize) done
Event: 1.601 Executing VM operation: HandshakeAllThreads (Deoptimize)
Event: 1.601 Executing VM operation: HandshakeAllThreads (Deoptimize) done
Event: 1.601 Executing VM operation: HandshakeAllThreads (Deoptimize)
Event: 1.601 Executing VM operation: HandshakeAllThreads (Deoptimize) done
Event: 1.640 Executing VM operation: HandshakeAllThreads (Deoptimize)
Event: 1.640 Executing VM operation: HandshakeAllThreads (Deoptimize) done

Memory protections (0 events):
No events

Nmethod flushes (0 events):
No events

Events (20 events):
Event: 1.168 Thread 0x00000165974fe130 Thread added: 0x00000165dd18cb30
Event: 1.169 Thread 0x00000165974fe130 Thread added: 0x00000165dd1894b0
Event: 1.169 Thread 0x00000165974fe130 Thread added: 0x00000165dd18b6c0
Event: 1.169 Thread 0x00000165974fe130 Thread added: 0x00000165dd189b80
Event: 1.169 Thread 0x00000165974fe130 Thread added: 0x00000165dd18a250
Event: 1.437 Thread 0x00000165974ef630 Thread added: 0x0000016600be4d80
Event: 1.437 Thread 0x00000165974ef630 Thread added: 0x0000016600be1900
Event: 1.574 Thread 0x0000016600be1900 Thread added: 0x0000016600be2620
Event: 1.618 Thread 0x0000016600be2620 Thread added: 0x0000016600be8200
Event: 1.708 Thread 0x00000165dd18a250 Thread exited: 0x00000165dd18a250
Event: 1.709 Thread 0x00000165dd189b80 Thread exited: 0x00000165dd189b80
Event: 1.740 Thread 0x00000165dd18b6c0 Thread exited: 0x00000165dd18b6c0
Event: 1.775 Thread 0x00000165dd1894b0 Thread exited: 0x00000165dd1894b0
Event: 1.775 Thread 0x00000165dd18cb30 Thread exited: 0x00000165dd18cb30
Event: 1.787 Thread 0x00000165dd18aff0 Thread exited: 0x00000165dd18aff0
Event: 1.788 Thread 0x00000165dd18c460 Thread exited: 0x00000165dd18c460
Event: 3.236 Thread 0x0000016600be2620 Thread added: 0x0000016600be39d0
Event: 3.276 Thread 0x00000165977d4a90 Thread added: 0x00000166025b53d0
Event: 3.288 Thread 0x00000165974f1070 Thread exited: 0x00000165974f1070
Event: 3.307 Thread 0x00000165977d4a90 Thread added: 0x00000166025b3f60


Dynamic libraries:
0x00007ff7fc900000 - 0x00007ff7fc910000 	E:\Program Files\jdk23\bin\java.exe
0x00007fff39430000 - 0x00007fff39647000 	C:\Windows\SYSTEM32\ntdll.dll
0x00007fff37790000 - 0x00007fff37854000 	C:\Windows\System32\KERNEL32.DLL
0x00007fff36870000 - 0x00007fff36c2a000 	C:\Windows\System32\KERNELBASE.dll
0x00007fff36ef0000 - 0x00007fff37001000 	C:\Windows\System32\ucrtbase.dll
0x00007fff2c7d0000 - 0x00007fff2c7e7000 	E:\Program Files\jdk23\bin\jli.dll
0x00007ffeda730000 - 0x00007ffeda74b000 	E:\Program Files\jdk23\bin\VCRUNTIME140.dll
0x00007fff38240000 - 0x00007fff383ee000 	C:\Windows\System32\USER32.dll
0x00007fff36cb0000 - 0x00007fff36cd6000 	C:\Windows\System32\win32u.dll
0x00007fff14040000 - 0x00007fff142d2000 	C:\Windows\WinSxS\amd64_microsoft.windows.common-controls_6595b64144ccf1df_6.0.22621.4541_none_2710d1c57384c085\COMCTL32.dll
0x00007fff38f60000 - 0x00007fff38f89000 	C:\Windows\System32\GDI32.dll
0x00007fff372b0000 - 0x00007fff37357000 	C:\Windows\System32\msvcrt.dll
0x00007fff37010000 - 0x00007fff3712b000 	C:\Windows\System32\gdi32full.dll
0x00007fff36e50000 - 0x00007fff36eea000 	C:\Windows\System32\msvcp_win.dll
0x00007fff391a0000 - 0x00007fff391d1000 	C:\Windows\System32\IMM32.DLL
0x00007fff2e5c0000 - 0x00007fff2e5cc000 	E:\Program Files\jdk23\bin\vcruntime140_1.dll
0x00007ffe4b030000 - 0x00007ffe4b0be000 	E:\Program Files\jdk23\bin\msvcp140.dll
0x00007ffe46070000 - 0x00007ffe46dbf000 	E:\Program Files\jdk23\bin\server\jvm.dll
0x00007fff385a0000 - 0x00007fff38652000 	C:\Windows\System32\ADVAPI32.dll
0x00007fff38e70000 - 0x00007fff38f17000 	C:\Windows\System32\sechost.dll
0x00007fff36e20000 - 0x00007fff36e48000 	C:\Windows\System32\bcrypt.dll
0x00007fff37190000 - 0x00007fff372a4000 	C:\Windows\System32\RPCRT4.dll
0x00007fff39370000 - 0x00007fff393e1000 	C:\Windows\System32\WS2_32.dll
0x00007fff35590000 - 0x00007fff355dd000 	C:\Windows\SYSTEM32\POWRPROF.dll
0x00007fff2ea10000 - 0x00007fff2ea1a000 	C:\Windows\SYSTEM32\VERSION.dll
0x00007fff31110000 - 0x00007fff31144000 	C:\Windows\SYSTEM32\WINMM.dll
0x00007fff35570000 - 0x00007fff35583000 	C:\Windows\SYSTEM32\UMPDC.dll
0x00007fff35830000 - 0x00007fff35848000 	C:\Windows\SYSTEM32\kernel.appcore.dll
0x00007fff12ee0000 - 0x00007fff12eea000 	E:\Program Files\jdk23\bin\jimage.dll
0x00007fff340f0000 - 0x00007fff34322000 	C:\Windows\SYSTEM32\DBGHELP.DLL
0x00007fff38ae0000 - 0x00007fff38e6f000 	C:\Windows\System32\combase.dll
0x00007fff38fb0000 - 0x00007fff39087000 	C:\Windows\System32\OLEAUT32.dll
0x00007fff2dac0000 - 0x00007fff2daf2000 	C:\Windows\SYSTEM32\dbgcore.DLL
0x00007fff36c30000 - 0x00007fff36cab000 	C:\Windows\System32\bcryptPrimitives.dll
0x00007fff1e910000 - 0x00007fff1e94c000 	E:\Program Files\jdk23\bin\jdwp.dll
0x00007ffed58f0000 - 0x00007ffed590e000 	E:\Program Files\jdk23\bin\java.dll
0x00007fff383f0000 - 0x00007fff38595000 	C:\Windows\System32\ole32.dll
0x00007fff379c0000 - 0x00007fff38238000 	C:\Windows\System32\SHELL32.dll
0x00007fff34650000 - 0x00007fff34f58000 	C:\Windows\SYSTEM32\windows.storage.dll
0x00007fff34510000 - 0x00007fff3464f000 	C:\Windows\SYSTEM32\wintypes.dll
0x00007fff378b0000 - 0x00007fff379aa000 	C:\Windows\System32\SHCORE.dll
0x00007fff39090000 - 0x00007fff390ee000 	C:\Windows\System32\shlwapi.dll
0x00007fff36630000 - 0x00007fff3665b000 	C:\Windows\SYSTEM32\profapi.dll
0x00007ffe678d0000 - 0x00007ffe679a7000 	E:\Program Files\jdk23\bin\jsvml.dll
0x00007fff31320000 - 0x00007fff3132c000 	E:\Program Files\jdk23\bin\dt_socket.dll
0x00007fff35230000 - 0x00007fff3525d000 	C:\Windows\SYSTEM32\IPHLPAPI.DLL
0x00007fff35cb0000 - 0x00007fff35d19000 	C:\Windows\system32\mswsock.dll
0x00007fff352a0000 - 0x00007fff353a2000 	C:\Windows\SYSTEM32\DNSAPI.dll
0x00007fff38f40000 - 0x00007fff38f49000 	C:\Windows\System32\NSI.dll
0x00007fff2e600000 - 0x00007fff2e60a000 	C:\Windows\System32\rasadhlp.dll
0x00007fff2ea20000 - 0x00007fff2eaa3000 	C:\Windows\System32\fwpuclnt.dll
0x00007fff121f0000 - 0x00007fff12200000 	E:\Program Files\jdk23\bin\net.dll
0x00007ffece220000 - 0x00007ffece236000 	E:\Program Files\jdk23\bin\nio.dll
0x00007ffecd8f0000 - 0x00007ffecd907000 	E:\Program Files\jdk23\bin\zip.dll
0x00007ffecc630000 - 0x00007ffecc88d000 	E:\CSProject2024\bulletjme.dll
0x00007fff1e140000 - 0x00007fff1e1a4000 	C:\Users\Tsawke\AppData\Local\Temp\lwjglTsawke\3.2.3-build-13\lwjgl.dll
0x00007ffecc3d0000 - 0x00007ffecc623000 	C:\Users\Tsawke\AppData\Local\Temp\lwjglTsawke\3.2.3-build-13\jemalloc.dll
0x00007fff128b0000 - 0x00007fff12912000 	C:\Users\Tsawke\AppData\Local\Temp\lwjglTsawke\3.2.3-build-13\glfw.dll
0x00007fff33680000 - 0x00007fff33731000 	C:\Windows\system32\uxtheme.dll
0x00007ffea7860000 - 0x00007ffea78a6000 	C:\Windows\SYSTEM32\dinput8.dll
0x00007fff2c790000 - 0x00007fff2c7a1000 	C:\Windows\SYSTEM32\xinput1_4.dll
0x00007fff363f0000 - 0x00007fff3643e000 	C:\Windows\SYSTEM32\cfgmgr32.dll
0x00007fff363c0000 - 0x00007fff363ec000 	C:\Windows\SYSTEM32\DEVOBJ.dll
0x00007fff33910000 - 0x00007fff3393b000 	C:\Windows\SYSTEM32\dwmapi.dll
0x00007fff1ba90000 - 0x00007fff1bca4000 	C:\Windows\SYSTEM32\inputhost.dll
0x00007fff30980000 - 0x00007fff30ab3000 	C:\Windows\SYSTEM32\CoreMessaging.dll
0x00007fff35f20000 - 0x00007fff35f2c000 	C:\Windows\SYSTEM32\CRYPTBASE.DLL
0x00007fff37520000 - 0x00007fff37681000 	C:\Windows\System32\MSCTF.dll
0x00007fff34f60000 - 0x00007fff34f6e000 	C:\Windows\SYSTEM32\HID.DLL
0x00007fff38660000 - 0x00007fff38ad4000 	C:\Windows\System32\SETUPAPI.DLL
0x00007fff36da0000 - 0x00007fff36e12000 	C:\Windows\System32\WINTRUST.dll
0x00007fff36700000 - 0x00007fff36866000 	C:\Windows\System32\CRYPT32.dll
0x00007fff35f60000 - 0x00007fff35f72000 	C:\Windows\SYSTEM32\MSASN1.dll
0x00007fff00350000 - 0x00007fff00450000 	C:\Windows\SYSTEM32\opengl32.dll
0x00007fff180b0000 - 0x00007fff180dd000 	C:\Windows\SYSTEM32\GLU32.dll
0x00007fff33980000 - 0x00007fff339b7000 	C:\Windows\SYSTEM32\dxcore.dll
0x00007fff390f0000 - 0x00007fff391a0000 	C:\Windows\System32\clbcatq.dll
0x00007ffe90c80000 - 0x00007ffe932b8000 	C:\Windows\System32\DriverStore\FileRepository\nv_dispi.inf_amd64_adf5a840df867035\nvoglv64.dll
0x00007fff355e0000 - 0x00007fff355f4000 	C:\Windows\SYSTEM32\WTSAPI32.dll
0x00007fff2e0f0000 - 0x00007fff2e122000 	C:\Windows\SYSTEM32\cryptnet.dll
0x00007fff35fd0000 - 0x00007fff3601c000 	C:\Windows\SYSTEM32\wldp.dll
0x00007fff2df30000 - 0x00007fff2e092000 	C:\Windows\SYSTEM32\drvstore.dll
0x00007fff35940000 - 0x00007fff35974000 	C:\Windows\SYSTEM32\ntmarta.dll
0x00007fff38f90000 - 0x00007fff38faf000 	C:\Windows\System32\imagehlp.dll
0x00007fff35f00000 - 0x00007fff35f1b000 	C:\Windows\SYSTEM32\CRYPTSP.dll
0x00007fff35790000 - 0x00007fff357c5000 	C:\Windows\system32\rsaenh.dll
0x00007fff25b10000 - 0x00007fff28820000 	C:\Windows\System32\DriverStore\FileRepository\nv_dispi.inf_amd64_adf5a840df867035\nvgpucomp64.dll
0x00007fff1f9e0000 - 0x00007fff1fcdb000 	C:\Windows\system32\nvspcap64.dll
0x00007fff351b0000 - 0x00007fff35216000 	C:\Windows\SYSTEM32\WINSTA.dll
0x00007fff1b940000 - 0x00007fff1ba85000 	C:\Windows\SYSTEM32\textinputframework.dll
0x00007fff28820000 - 0x00007fff28b8d000 	C:\Windows\SYSTEM32\CoreUIComponents.dll
0x00007fff127f0000 - 0x00007fff12849000 	C:\Users\Tsawke\AppData\Local\Temp\lwjglTsawke\3.2.3-build-13\lwjgl_opengl.dll
0x00007ffe45ee0000 - 0x00007ffe4606e000 	E:\Program Files\jdk23\bin\awt.dll
0x00007fff30ee0000 - 0x00007fff30f77000 	C:\Windows\SYSTEM32\apphelp.dll
0x00007ffed3530000 - 0x00007ffed363b000 	C:\Users\Tsawke\AppData\Local\Temp\lwjglTsawke\3.2.3-build-13\OpenAL.dll
0x00007fff2d890000 - 0x00007fff2d92e000 	C:\Windows\System32\MMDevApi.dll
0x00007fff12cb0000 - 0x00007fff12e9e000 	C:\Windows\SYSTEM32\AUDIOSES.DLL
0x00007fff33c30000 - 0x00007fff33c45000 	C:\Windows\SYSTEM32\resourcepolicyclient.dll
0x00007fff1e810000 - 0x00007fff1e83e000 	E:\Program Files\jdk23\bin\javajpeg.dll
0x00007ffed78b0000 - 0x00007ffed7a58000 	C:\Windows\system32\d3d9.dll
0x00007fff28e30000 - 0x00007fff28ef4000 	C:\Windows\System32\DriverStore\FileRepository\nv_dispi.inf_amd64_adf5a840df867035\nvldumdx.dll
0x00007ffea58d0000 - 0x00007ffea765c000 	C:\Windows\System32\DriverStore\FileRepository\nv_dispi.inf_amd64_adf5a840df867035\nvd3dumx.dll
0x00007fff28fa0000 - 0x00007fff28fe9000 	C:\Windows\SYSTEM32\directxdatabasehelper.dll
0x00007fff35d40000 - 0x00007fff35d66000 	C:\Windows\SYSTEM32\gpapi.dll
0x00007fff1f7e0000 - 0x00007fff1f935000 	C:\Windows\System32\DriverStore\FileRepository\nv_dispi.inf_amd64_adf5a840df867035\nvppex.dll
0x00007ffe4d550000 - 0x00007ffe4d5d7000 	E:\Program Files\jdk23\bin\freetype.dll
0x00007ffe44e70000 - 0x00007ffe44f47000 	E:\Program Files\jdk23\bin\fontmanager.dll
0x00007fff2d520000 - 0x00007fff2d529000 	E:\Program Files\jdk23\bin\prefs.dll

dbghelp: loaded successfully - version: 4.0.5 - missing functions: none
symbol engine: initialized successfully - sym options: 0x614 - pdb path: .;E:\Program Files\jdk23\bin;C:\Windows\SYSTEM32;C:\Windows\WinSxS\amd64_microsoft.windows.common-controls_6595b64144ccf1df_6.0.22621.4541_none_2710d1c57384c085;E:\Program Files\jdk23\bin\server;E:\CSProject2024;C:\Users\Tsawke\AppData\Local\Temp\lwjglTsawke\3.2.3-build-13;C:\Windows\System32\DriverStore\FileRepository\nv_dispi.inf_amd64_adf5a840df867035

VM Arguments:
jvm_args: -agentlib:jdwp=transport=dt_socket,server=n,suspend=y,address=localhost:11819 -XX:+ShowCodeDetailsInExceptionMessages 
java_command: com.csproject.jMEMain
java_class_path (initial): E:\CSProject2024\csproject\target\classes;C:\Users\Tsawke\.m2\repository\com\formdev\flatlaf\3.5.2\flatlaf-3.5.2.jar;C:\Users\Tsawke\.m2\repository\org\apache\commons\commons-lang3\3.12.0\commons-lang3-3.12.0.jar;C:\Users\Tsawke\.m2\repository\com\h2database\h2\1.4.200\h2-1.4.200.jar;C:\Users\Tsawke\.m2\repository\junit\junit\4.12\junit-4.12.jar;C:\Users\Tsawke\.m2\repository\org\hamcrest\hamcrest-core\1.3\hamcrest-core-1.3.jar;C:\Users\Tsawke\.m2\repository\org\junit\jupiter\junit-jupiter\5.9.3\junit-jupiter-5.9.3.jar;C:\Users\Tsawke\.m2\repository\org\junit\jupiter\junit-jupiter-api\5.9.3\junit-jupiter-api-5.9.3.jar;C:\Users\Tsawke\.m2\repository\org\opentest4j\opentest4j\1.2.0\opentest4j-1.2.0.jar;C:\Users\Tsawke\.m2\repository\org\junit\platform\junit-platform-commons\1.9.3\junit-platform-commons-1.9.3.jar;C:\Users\Tsawke\.m2\repository\org\apiguardian\apiguardian-api\1.1.2\apiguardian-api-1.1.2.jar;C:\Users\Tsawke\.m2\repository\org\junit\jupiter\junit-jupiter-params\5.9.3\junit-jupiter-params-5.9.3.jar;C:\Users\Tsawke\.m2\repository\org\junit\jupiter\junit-jupiter-engine\5.9.3\junit-jupiter-engine-5.9.3.jar;C:\Users\Tsawke\.m2\repository\org\junit\platform\junit-platform-engine\1.9.3\junit-platform-engine-1.9.3.jar;C:\Users\Tsawke\.m2\repository\commons-codec\commons-codec\1.15\commons-codec-1.15.jar;C:\Users\Tsawke\.m2\repository\commons-beanutils\commons-beanutils\1.9.4\commons-beanutils-1.9.4.jar;C:\Users\Tsawke\.m2\repository\commons-logging\commons-logging\1.2\commons-logging-1.2.jar;C:\Users\Tsawke\.m2\repository\commons-collections\commons-collections\3.2.2\commons-collections-3.2.2.jar;C:\Users\Tsawke\.m2\repository\org\jmonkeyengine\jme3-core\3.3.0-stable\jme3-core-3.3.0-stable.jar;C:\Users\Tsawke\.m2\repository\org\jmonkeyengine\jme3-desktop\3.3.0-stable\jme3-desktop-3.3.0-stable.jar;C:\Users\Tsawke\.m2\repository\org\jmonkeyengine\jme3-lwjgl3\3.3.0-stable\jme3-lwjgl3-3.3.0-stable.jar;C:\Users\Tsawke\.m2\repository\org\lwjgl\lwjgl\3.2.3\lwjgl-3.2.3.jar;C:\Users\Tsawke\.m2\repository\org\lwjgl\lwjgl-glfw\3.2.3\lwjgl-glfw-3.2.3.jar;C:\Users\Tsawke\.m2\repository\org\lwjgl\lwjgl-jemalloc\3.2.3\lwjgl-jemalloc-3.2.3.jar;C:\Users\Tsawke\.m2\repository\org\lwjgl\lwjgl-openal\3.2.3\lwjgl-openal-3.2.3.jar;C:\Users\Tsawke\.m2\repository\org\lwjgl\lwjgl-opencl\3.2.3\lwjgl-opencl-3.2.3.jar;C:\Users\Tsawke\.m2\repository\org\lwjgl\lwjgl-opengl\3.2.3\lwjgl-opengl-3.2.3.jar;C:\Users\Tsawke\.m2\repository\org\lwjgl\lwjgl\3.2.3\lwjgl-3.2.3-natives-windows.jar;C:\Users\Tsawke\.m2\repository\org\lwjgl\lwjgl\3.2.3\lwjgl-3.2.3-natives-linux.jar;C:\Users\Tsawke\.m2\repository\org\lwjgl\lwjgl\3.2.3\lwjgl-3.2.3-natives-macos.jar;C:\Users\Tsawke\.m2\repository\org\lwjgl\lwjgl-glfw\3.2.3\lwjgl-glfw-3.2.3-natives-windows.jar;C:\Users\Tsawke\.m2\repository\org\lwjgl\lwjgl-glfw\3.2.3\lwjgl-glfw-3.2.3-natives-linux.jar;C:\Users\Tsawke\.m2\repository\org\lwjgl\lwjgl-glfw\3.2.3\lwjgl-glfw-3.2.3-natives-macos.jar;C:\Users\Tsawke\.m2\repository\org\lwjgl\lwjgl-jemalloc\3.2.3\lwjgl-jemalloc-3.2.3-natives-windows.jar;C:\Users\Tsawke\.m2\repository\org\lwjgl\lwjgl-jemalloc\3.2.3\lwjgl-jemalloc-3.2.3-natives-linux.jar;C:\Users\Tsawke\.m2\repository\org\lwjgl\lwjgl-jemalloc\3.2.3\lwjgl-jemalloc-3.2.3-natives-macos.jar;C:\Users\Tsawke\.m2\repository\org\lwjgl\lwjgl-opengl\3.2.3\lwjgl-opengl-3.2.3-natives-windows.jar;C:\Users\Tsawke\.m2\repository\org\lwjgl\lwjgl-opengl\3.2.3\lwjgl-opengl-3.2.3-natives-linux.jar;C:\Users\Tsawke\.m2\repository\org\lwjgl\lwjgl-opengl\3.2.3\lwjgl-opengl-3.2.3-natives-macos.jar;C:\Users\Tsawke\.m2\repository\org\lwjgl\lwjgl-openal\3.2.3\lwjgl-openal-3.2.3-natives-windows.jar;C:\Users\Tsawke\.m2\repository\org\lwjgl\lwjgl-openal\3.2.3\lwjgl-openal-3.2.3-natives-linux.jar;C:\Users\Tsawke\.m2\repository\org\lwjgl\lwjgl-openal\3.2.3\lwjgl-openal-3.2.3-natives-macos.jar;C:\Users\Tsawke\.m2\repository\org\jmonkeyengine\jme3-effects\3.3.0-stable\jme3-effects-3.3.0-stable.jar;C:\Users\Tsawke\.m2\repository\org\jmonkeyengine\jme3-blender\3.3.0-stable\jme3-blender-3.3.0-stable.jar;C:\Users\Tsawke\.m2\repository\org\ejml\core\0.27\core-0.27.jar;C:\Users\Tsawke\.m2\repository\org\ejml\dense64\0.27\dense64-0.27.jar;C:\Users\Tsawke\.m2\repository\org\ejml\simple\0.27\simple-0.27.jar;C:\Users\Tsawke\.m2\repository\org\ejml\denseC64\0.27\denseC64-0.27.jar;C:\Users\Tsawke\.m2\repository\org\jmonkeyengine\jme3-plugins\3.3.0-stable\jme3-plugins-3.3.0-stable.jar;C:\Users\Tsawke\.m2\repository\com\google\code\gson\gson\2.8.1\gson-2.8.1.jar;C:\Users\Tsawke\.m2\repository\org\jmonkeyengine\jme3-jogg\3.3.0-stable\jme3-jogg-3.3.0-stable.jar;C:\Users\Tsawke\.m2\repository\de\jarnbjo\j-ogg-all\1.0.0\j-ogg-all-1.0.0.jar;C:\Users\Tsawke\.m2\repository\org\jmonkeyengine\jme3-niftygui\3.3.0-stable\jme3-niftygui-3.3.0-stable.jar;C:\Users\Tsawke\.m2\repository\com\github\nifty-gui\nifty\1.4.3\nifty-1.4.3.jar;C:\Users\Tsawke\.m2\repository\xpp3\xpp3\1.1.4c\xpp3-1.1.4c.jar;C:\Users\Tsawke\.m2\repository\com\google\code\findbugs\jsr305\2.0.2\jsr305-2.0.2.jar;C:\Users\Tsawke\.m2\repository\com\github\nifty-gui\nifty-default-controls\1.4.3\nifty-default-controls-1.4.3.jar;C:\Users\Tsawke\.m2\repository\com\github\nifty-gui\nifty-style-black\1.4.3\nifty-style-black-1.4.3.jar;C:\Users\Tsawke\.m2\repository\org\jmonkeyengine\jme3-terrain\3.3.0-stable\jme3-terrain-3.3.0-stable.jar;C:\Users\Tsawke\.m2\repository\org\jmonkeyengine\jme3-networking\3.3.0-stable\jme3-networking-3.3.0-stable.jar;C:\Users\Tsawke\.m2\repository\org\jmonkeyengine\jme3-bullet\3.3.0-stable\jme3-bullet-3.3.0-stable.jar;C:\Users\Tsawke\.m2\repository\org\jmonkeyengine\jme3-bullet-native\3.3.0-stable\jme3-bullet-native-3.3.0-stable.jar;C:\Users\Tsawke\.m2\repository\org\jmonkeyengine\jme3-bullet-native-android\3.3.0-stable\jme3-bullet-native-android-3.3.0-stable.jar;C:\Users\Tsawke\.m2\repository\org\jmonkeyengine\jme3-jogl\3.3.0-stable\jme3-jogl-3.3.0-stable.jar;C:\Users\Tsawke\.m2\repository\org\jogamp\gluegen\gluegen-rt-main\2.3.2\gluegen-rt-main-2.3.2.jar;C:\Users\Tsawke\.m2\repository\org\jogamp\gluegen\gluegen-rt\2.3.2\gluegen-rt-2.3.2.jar;C:\Users\Tsawke\.m2\repository\org\jogamp\gluegen\gluegen-rt\2.3.2\gluegen-rt-2.3.2-natives-android-aarch64.jar;C:\Users\Tsawke\.m2\repository\org\jogamp\gluegen\gluegen-rt\2.3.2\gluegen-rt-2.3.2-natives-android-armv6.jar;C:\Users\Tsawke\.m2\repository\org\jogamp\gluegen\gluegen-rt\2.3.2\gluegen-rt-2.3.2-natives-linux-amd64.jar;C:\Users\Tsawke\.m2\repository\org\jogamp\gluegen\gluegen-rt\2.3.2\gluegen-rt-2.3.2-natives-linux-armv6.jar;C:\Users\Tsawke\.m2\repository\org\jogamp\gluegen\gluegen-rt\2.3.2\gluegen-rt-2.3.2-natives-linux-armv6hf.jar;C:\Users\Tsawke\.m2\repository\org\jogamp\gluegen\gluegen-rt\2.3.2\gluegen-rt-2.3.2-natives-linux-i586.jar;C:\Users\Tsawke\.m2\repository\org\jogamp\gluegen\gluegen-rt\2.3.2\gluegen-rt-2.3.2-natives-macosx-universal.jar;C:\Users\Tsawke\.m2\repository\org\jogamp\gluegen\gluegen-rt\2.3.2\gluegen-rt-2.3.2-natives-solaris-amd64.jar;C:\Users\Tsawke\.m2\repository\org\jogamp\gluegen\gluegen-rt\2.3.2\gluegen-rt-2.3.2-natives-solaris-i586.jar;C:\Users\Tsawke\.m2\repository\org\jogamp\gluegen\gluegen-rt\2.3.2\gluegen-rt-2.3.2-natives-windows-amd64.jar;C:\Users\Tsawke\.m2\repository\org\jogamp\gluegen\gluegen-rt\2.3.2\gluegen-rt-2.3.2-natives-windows-i586.jar;C:\Users\Tsawke\.m2\repository\org\jogamp\jogl\jogl-all-main\2.3.2\jogl-all-main-2.3.2.jar;C:\Users\Tsawke\.m2\repository\org\jogamp\jogl\jogl-all\2.3.2\jogl-all-2.3.2.jar;C:\Users\Tsawke\.m2\repository\org\jogamp\jogl\jogl-all\2.3.2\jogl-all-2.3.2-natives-android-aarch64.jar;C:\Users\Tsawke\.m2\repository\org\jogamp\jogl\jogl-all\2.3.2\jogl-all-2.3.2-natives-android-armv6.jar;C:\Users\Tsawke\.m2\repository\org\jogamp\jogl\jogl-all\2.3.2\jogl-all-2.3.2-natives-linux-amd64.jar;C:\Users\Tsawke\.m2\repository\org\jogamp\jogl\jogl-all\2.3.2\jogl-all-2.3.2-natives-linux-armv6.jar;C:\Users\Tsawke\.m2\repository\org\jogamp\jogl\jogl-all\2.3.2\jogl-all-2.3.2-natives-linux-armv6hf.jar;C:\Users\Tsawke\.m2\repository\org\jogamp\jogl\jogl-all\2.3.2\jogl-all-2.3.2-natives-linux-i586.jar;C:\Users\Tsawke\.m2\repository\org\jogamp\jogl\jogl-all\2.3.2\jogl-all-2.3.2-natives-macosx-universal.jar;C:\Users\Tsawke\.m2\repository\org\jogamp\jogl\jogl-all\2.3.2\jogl-all-2.3.2-natives-solaris-amd64.jar;C:\Users\Tsawke\.m2\repository\org\jogamp\jogl\jogl-all\2.3.2\jogl-all-2.3.2-natives-solaris-i586.jar;C:\Users\Tsawke\.m2\repository\org\jogamp\jogl\jogl-all\2.3.2\jogl-all-2.3.2-natives-windows-amd64.jar;C:\Users\Tsawke\.m2\repository\org\jogamp\jogl\jogl-all\2.3.2\jogl-all-2.3.2-natives-windows-i586.jar;C:\Users\Tsawke\.m2\repository\org\jogamp\joal\joal-main\2.3.2\joal-main-2.3.2.jar;C:\Users\Tsawke\.m2\repository\org\jogamp\joal\joal\2.3.2\joal-2.3.2.jar;C:\Users\Tsawke\.m2\repository\org\jogamp\joal\joal\2.3.2\joal-2.3.2-natives-android-aarch64.jar;C:\Users\Tsawke\.m2\repository\org\jogamp\joal\joal\2.3.2\joal-2.3.2-natives-android-armv6.jar;C:\Users\Tsawke\.m2\repository\org\jogamp\joal\joal\2.3.2\joal-2.3.2-natives-linux-amd64.jar;C:\Users\Tsawke\.m2\repository\org\jogamp\joal\joal\2.3.2\joal-2.3.2-natives-linux-armv6.jar;C:\Users\Tsawke\.m2\repository\org\jogamp\joal\joal\2.3.2\joal-2.3.2-natives-linux-armv6hf.jar;C:\Users\Tsawke\.m2\repository\org\jogamp\joal\joal\2.3.2\joal-2.3.2-natives-linux-i586.jar;C:\Users\Tsawke\.m2\repository\org\jogamp\joal\joal\2.3.2\joal-2.3.2-natives-macosx-universal.jar;C:\Users\Tsawke\.m2\repository\org\jogamp\joal\joal\2.3.2\joal-2.3.2-natives-solaris-amd64.jar;C:\Users\Tsawke\.m2\repository\org\jogamp\joal\joal\2.3.2\joal-2.3.2-natives-solaris-i586.jar;C:\Users\Tsawke\.m2\repository\org\jogamp\joal\joal\2.3.2\joal-2.3.2-natives-windows-amd64.jar;C:\Users\Tsawke\.m2\repository\org\jogamp\joal\joal\2.3.2\joal-2.3.2-natives-windows-i586.jar;C:\Users\Tsawke\.m2\repository\org\jogamp\jocl\jocl-main\2.3.2\jocl-main-2.3.2.jar;C:\Users\Tsawke\.m2\repository\org\jogamp\jocl\jocl\2.3.2\jocl-2.3.2.jar;C:\Users\Tsawke\.m2\repository\org\jogamp\jocl\jocl\2.3.2\jocl-2.3.2-natives-android-aarch64.jar;C:\Users\Tsawke\.m2\repository\org\jogamp\jocl\jocl\2.3.2\jocl-2.3.2-natives-android-armv6.jar;C:\Users\Tsawke\.m2\repository\org\jogamp\jocl\jocl\2.3.2\jocl-2.3.2-natives-linux-amd64.jar;C:\Users\Tsawke\.m2\repository\org\jogamp\jocl\jocl\2.3.2\jocl-2.3.2-natives-linux-armv6.jar;C:\Users\Tsawke\.m2\repository\org\jogamp\jocl\jocl\2.3.2\jocl-2.3.2-natives-linux-armv6hf.jar;C:\Users\Tsawke\.m2\repository\org\jogamp\jocl\jocl\2.3.2\jocl-2.3.2-natives-linux-i586.jar;C:\Users\Tsawke\.m2\repository\org\jogamp\jocl\jocl\2.3.2\jocl-2.3.2-natives-macosx-universal.jar;C:\Users\Tsawke\.m2\repository\org\jogamp\jocl\jocl\2.3.2\jocl-2.3.2-natives-solaris-amd64.jar;C:\Users\Tsawke\.m2\repository\org\jogamp\jocl\jocl\2.3.2\jocl-2.3.2-natives-solaris-i586.jar;C:\Users\Tsawke\.m2\repository\org\jogamp\jocl\jocl\2.3.2\jocl-2.3.2-natives-windows-amd64.jar;C:\Users\Tsawke\.m2\repository\org\jogamp\jocl\jocl\2.3.2\jocl-2.3.2-natives-windows-i586.jar;C:\Users\Tsawke\.m2\repository\org\jmonkeyengine\jme3-android\3.3.0-stable\jme3-android-3.3.0-stable.jar;C:\Users\Tsawke\.m2\repository\org\jmonkeyengine\jme3-android-native\3.3.0-stable\jme3-android-native-3.3.0-stable.jar;C:\Users\Tsawke\.m2\repository\org\jmonkeyengine\jme3-ios\3.3.0-stable\jme3-ios-3.3.0-stable.jar;C:\Users\Tsawke\.m2\repository\org\jmonkeyengine\jme3-vr\3.3.0-stable\jme3-vr-3.3.0-stable.jar;C:\Users\Tsawke\.m2\repository\net\java\dev\jna\jna\4.3.0\jna-4.3.0.jar;C:\Users\Tsawke\.m2\repository\com\nativelibs4java\jnaerator-runtime\0.12\jnaerator-runtime-0.12.jar;C:\Users\Tsawke\.m2\repository\com\nativelibs4java\ochafik-util\0.12\ochafik-util-0.12.jar;C:\Users\Tsawke\.m2\repository\org\lwjgl\lwjgl-ovr\3.2.3\lwjgl-ovr-3.2.3.jar;C:\Users\Tsawke\.m2\repository\org\lwjgl\lwjgl-openvr\3.2.3\lwjgl-openvr-3.2.3.jar;C:\Users\Tsawke\.m2\repository\org\lwjgl\lwjgl-openvr\3.2.3\lwjgl-openvr-3.2.3-natives-linux.jar;C:\Users\Tsawke\.m2\repository\org\lwjgl\lwjgl-openvr\3.2.3\lwjgl-openvr-3.2.3-natives-macos.jar;C:\Users\Tsawke\.m2\repository\org\lwjgl\lwjgl-ovr\3.2.3\lwjgl-ovr-3.2.3-natives-windows.jar;C:\Users\Tsawke\.m2\repository\org\lwjgl\lwjgl-openvr\3.2.3\lwjgl-openvr-3.2.3-natives-windows.jar
Launcher Type: SUN_STANDARD

[Global flags]
     intx CICompilerCount                          = 12                                        {product} {ergonomic}
     uint ConcGCThreads                            = 5                                         {product} {ergonomic}
     uint G1ConcRefinementThreads                  = 20                                        {product} {ergonomic}
   size_t G1HeapRegionSize                         = 8388608                                   {product} {ergonomic}
   size_t InitialHeapSize                          = 1073741824                                {product} {ergonomic}
   size_t MarkStackSize                            = 4194304                                   {product} {ergonomic}
   size_t MarkStackSizeMax                         = 536870912                                 {product} {ergonomic}
   size_t MaxHeapSize                              = 17112760320                               {product} {ergonomic}
   size_t MaxNewSize                               = 10267656192                               {product} {ergonomic}
   size_t MinHeapDeltaBytes                        = 8388608                                   {product} {ergonomic}
   size_t MinHeapSize                              = 8388608                                   {product} {ergonomic}
    uintx NonNMethodCodeHeapSize                   = 7602176                                {pd product} {ergonomic}
    uintx NonProfiledCodeHeapSize                  = 122093568                              {pd product} {ergonomic}
    uintx ProfiledCodeHeapSize                     = 121962496                              {pd product} {ergonomic}
    uintx ReservedCodeCacheSize                    = 251658240                              {pd product} {ergonomic}
     bool SegmentedCodeCache                       = true                                      {product} {ergonomic}
     bool ShowCodeDetailsInExceptionMessages       = true                                   {manageable} {command line}
   size_t SoftMaxHeapSize                          = 17112760320                            {manageable} {ergonomic}
     bool UseCompressedOops                        = true                           {product lp64_product} {ergonomic}
     bool UseG1GC                                  = true                                      {product} {ergonomic}
     bool UseLargePagesIndividualAllocation        = false                                  {pd product} {ergonomic}

Logging:
Log output configuration:
 #0: stdout all=warning uptime,level,tags foldmultilines=false
 #1: stderr all=off uptime,level,tags foldmultilines=false

Environment Variables:
JAVA_HOME=E:\Program Files\jdk23
CLASSPATH=.;E:\Program Files\jdk23\lib\dt.jar;E:\Program Files\jdk23\lib\tools.jar
PATH=C:\Program Files\Common Files\Oracle\Java\javapath;E:\Program Files\Python313\Scripts\;E:\Program Files\Python313\;C:\Program Files (x86)\Common Files\Intel\Shared Libraries\redist\intel64\compiler;E:\Program Files\python312\Scripts\;E:\Program Files\python312\;C:\Windows\system32;C:\Windows;C:\Windows\System32\Wbem;C:\Windows\System32\WindowsPowerShell\v1.0\;C:\Windows\System32\OpenSSH\;C:\Program Files (x86)\NVIDIA Corporation\PhysX\Common;C:\Program Files\dotnet\;E:\Program Files\Bandzip\Bandizip;%Python_HOME%;C:\Pro;ramData\chocolatey\bin;E:\Program Files\nodejs;E:\Program Files\nodejs\node_global;E:\Program Files\nodejs\node_cache;E:\Program Files\nodejs\;E:\Program Files\Git\cmd;E:\Program Files\微信web开发者工具\dll;C:\Program Files (x86)\Microsoft SQL Server\160\Tools\Binn\;C:\Program Files\Microsoft SQL Server\160\Tools\Binn\;C:\Program Files\Microsoft SQL Server\Client SDK\ODBC\170\Tools\Binn\;C:\Program Files\Microsoft SQL Server\160\DTS\Binn\;C:\Program Files (x86)\Windows Kits\8.1\Windows Performance Toolkit\;E:\Program Files\jdk23\bin;E:\Program Files\jdk23\jre\bin;E:\Program Files\apache-maven-3.9.9\bin;C:\Program Files\Common Files\Autodesk Shared\;C:\Program Files\NVIDIA Corporation\NVIDIA app\NvDLISR;C:\Users\Tsawke\AppData\Local\Microsoft\WindowsApps;C:\Users\Tsawke\AppData\Local\Programs\Microsoft VS Code\bin;E:\Program Files\nodejs\node_global;;E:\Program Files\IntelliJ IDEA 2024.1\bin;
USERNAME=Tsawke
LANG=en_US.UTF-8
OS=Windows_NT
PROCESSOR_IDENTIFIER=Intel64 Family 6 Model 183 Stepping 1, GenuineIntel
TMP=C:\Users\Tsawke\AppData\Local\Temp
TEMP=C:\Users\Tsawke\AppData\Local\Temp




Periodic native trim disabled

---------------  S Y S T E M  ---------------

OS:
 Windows 11 , 64 bit Build 22621 (10.0.22621.4391)
OS uptime: 0 days 17:16 hours

CPU: total 28 (initial active 28) (14 cores per cpu, 2 threads per core) family 6 model 183 stepping 1 microcode 0x123, cx8, cmov, fxsr, ht, mmx, 3dnowpref, sse, sse2, sse3, ssse3, sse4.1, sse4.2, popcnt, lzcnt, tsc, tscinvbit, avx, avx2, aes, erms, clmul, bmi1, bmi2, adx, sha, fma, vzeroupper, clflush, clflushopt, clwb, serialize, rdtscp, rdpid, fsrm, gfni, f16c, pku, cet_ibt, cet_ss
Processor Information for the first 28 processors :
  Max Mhz: 3400, Current Mhz: 3400, Mhz Limit: 3400

Memory: 4k page, system-wide physical 65277M (45420M free)
TotalPageFile size 69373M (AvailPageFile size 37883M)
current process WorkingSet (physical memory assigned to process): 314M, peak: 314M
current process commit charge ("private bytes"): 1198M, peak: 1464M

vm_info: Java HotSpot(TM) 64-Bit Server VM (23.0.1+11-39) for windows-amd64 JRE (23.0.1+11-39), built on 2024-09-30T07:20:43Z with MS VC++ 17.6 (VS2022)

END.
